${LCX_HOME}/design/sys/ccx/rtl/ccx_config.h
${LCX_HOME}/design/sys/ccx/rtl/ct_prio.v
${LCX_HOME}/design/sys/ccx/rtl/ct_fifo.v
${LCX_HOME}/design/sys/ccx/rtl/ct_ciu_ctcq.v
${LCX_HOME}/design/sys/ccx/rtl/ct_ciu_top.v
${LCX_HOME}/design/sys/ccx/rtl/ct_ciu_l2cif.v
${LCX_HOME}/design/sys/ccx/rtl/ct_ciu_vb_aw_entry.v
${LCX_HOME}/design/sys/ccx/rtl/ct_ciu_bmbif_kid.v
${LCX_HOME}/design/sys/ccx/rtl/ct_ciu_snb_dp_sel_16.v
${LCX_HOME}/design/sys/ccx/rtl/ct_ciu_ctcq_reqq_entry.v
${LCX_HOME}/design/sys/ccx/rtl/ct_ciu_snb_arb.v
${LCX_HOME}/design/sys/ccx/rtl/ct_ciu_ncq.v
${LCX_HOME}/design/sys/ccx/rtl/ct_ciu_ebiuif.v
${LCX_HOME}/design/sys/ccx/rtl/ct_ciu_snb.v
${LCX_HOME}/design/sys/ccx/rtl/ct_ciu_snb_dp_sel.v
${LCX_HOME}/design/sys/ccx/rtl/ct_ciu_ctcq_respq_entry.v
${LCX_HOME}/design/sys/ccx/rtl/ct_ciu_bmbif.v
${LCX_HOME}/design/sys/ccx/rtl/ct_ciu_snb_dp_sel_8.v
${LCX_HOME}/design/sys/ccx/rtl/ct_ciu_vb.v
${LCX_HOME}/design/sys/ccx/rtl/ct_ciu_ncq_gm.v
${LCX_HOME}/design/sys/ccx/rtl/ct_ciu_snb_sab_entry.v
${LCX_HOME}/design/sys/ccx/rtl/ct_ciu_regs.v
${LCX_HOME}/design/sys/ccx/rtl/ct_ciu_snb_sab.v
${LCX_HOME}/design/sys/ccx/rtl/ct_ciu_regs_kid.v
${LCX_HOME}/design/sys/ccx/rtl/ct_ciu_apbif.v
${LCX_HOME}/design/sys/ccx/rtl/ct_ebiu_snoop_channel_dummy.v
${LCX_HOME}/design/sys/ccx/rtl/ct_ebiu_cawt_entry.v
${LCX_HOME}/design/sys/ccx/rtl/ct_ebiu_write_channel.v
${LCX_HOME}/design/sys/ccx/rtl/ct_ebiu_ncwt_entry.v
${LCX_HOME}/design/sys/ccx/rtl/ct_ebiu_lowpower.v
${LCX_HOME}/design/sys/ccx/rtl/ct_ebiu_read_channel.v
${LCX_HOME}/design/sys/ccx/rtl/ct_ebiu_top.v
${LCX_HOME}/design/sys/ccx/rtl/ct_piu_top_dummy_device.v
${LCX_HOME}/design/sys/ccx/rtl/ct_piu_top_dummy.v
${LCX_HOME}/design/sys/ccx/rtl/ct_piu_other_io.v
${LCX_HOME}/design/sys/ccx/rtl/ct_piu_other_io_sync.v
${LCX_HOME}/design/sys/ccx/rtl/ct_piu_other_io_dummy.v
${LCX_HOME}/design/sys/ccx/rtl/ct_piu_top.v
${LCX_HOME}/design/sys/hal/rtl/ct_sysio_top.v
${LCX_HOME}/design/sys/hal/rtl/labCore.v