${LCX_HOME}/design/sys/core/lc164/cpu/rtl/cpu_cfig.h
${LCX_HOME}/design/sys/core/lc164/cpu/rtl/aq_dtu_cfig.h
${LCX_HOME}/design/sys/core/lc164/idu/rtl/aq_idu_cfig.h
${LCX_HOME}/design/sys/core/lc164/lsu/rtl/aq_lsu_cfig.h
${LCX_HOME}/design/sys/core/lc164/mmu/rtl/sysmap.h

${LCX_HOME}/design/sys/core/lc164/common/rtl/sync_level2level.v

${LCX_HOME}/design/sys/core/lc164/biu/rtl/aq_biu_apbif.v
${LCX_HOME}/design/sys/core/lc164/biu/rtl/aq_biu_read_channel.v
${LCX_HOME}/design/sys/core/lc164/biu/rtl/aq_biu_req_arbiter.v
${LCX_HOME}/design/sys/core/lc164/biu/rtl/aq_biu_top.v
${LCX_HOME}/design/sys/core/lc164/biu/rtl/aq_biu_write_channel.v
${LCX_HOME}/design/sys/core/lc164/biu/rtl/aq_biu_wt_entry.v

${LCX_HOME}/design/sys/core/lc164/cp0/rtl/aq_cp0_cache_inst.v
${LCX_HOME}/design/sys/core/lc164/cp0/rtl/aq_cp0_ext_csr.v
${LCX_HOME}/design/sys/core/lc164/cp0/rtl/aq_cp0_fence_inst.v
${LCX_HOME}/design/sys/core/lc164/cp0/rtl/aq_cp0_float_csr.v
${LCX_HOME}/design/sys/core/lc164/cp0/rtl/aq_cp0_hpcp_csr.v
${LCX_HOME}/design/sys/core/lc164/cp0/rtl/aq_cp0_info_csr.v
${LCX_HOME}/design/sys/core/lc164/cp0/rtl/aq_cp0_iui.v
${LCX_HOME}/design/sys/core/lc164/cp0/rtl/aq_cp0_lpmd.v
${LCX_HOME}/design/sys/core/lc164/cp0/rtl/aq_cp0_prtc_csr.v
${LCX_HOME}/design/sys/core/lc164/cp0/rtl/aq_cp0_regs.v
${LCX_HOME}/design/sys/core/lc164/cp0/rtl/aq_cp0_rst_ctrl.v
${LCX_HOME}/design/sys/core/lc164/cp0/rtl/aq_cp0_special.v
${LCX_HOME}/design/sys/core/lc164/cp0/rtl/aq_cp0_top.v
${LCX_HOME}/design/sys/core/lc164/cp0/rtl/aq_cp0_trap_csr.v
${LCX_HOME}/design/sys/core/lc164/cp0/rtl/aq_cp0_vector_inst.v

${LCX_HOME}/design/sys/core/lc164/vfalu/rtl/aq_vdsp_64_bit_ff1.v
${LCX_HOME}/design/sys/core/lc164/vfalu/rtl/aq_fadd_double_add.v
${LCX_HOME}/design/sys/core/lc164/vfalu/rtl/aq_fadd_double_cmp_max.v
${LCX_HOME}/design/sys/core/lc164/vfalu/rtl/aq_fadd_double_dp.v
${LCX_HOME}/design/sys/core/lc164/vfalu/rtl/aq_fadd_double_round.v
${LCX_HOME}/design/sys/core/lc164/vfalu/rtl/aq_fadd_double_special.v
${LCX_HOME}/design/sys/core/lc164/vfalu/rtl/aq_fadd_double_top.v
${LCX_HOME}/design/sys/core/lc164/vfalu/rtl/aq_fadd_lop_s1_sb.v
${LCX_HOME}/design/sys/core/lc164/vfalu/rtl/aq_fadd_scalar_dp.v
${LCX_HOME}/design/sys/core/lc164/vfalu/rtl/aq_fadd_shift_sub_h_double.v
${LCX_HOME}/design/sys/core/lc164/vfalu/rtl/aq_fadd_shift_sub_single.v
${LCX_HOME}/design/sys/core/lc164/vfalu/rtl/aq_falu_ctrl.v
${LCX_HOME}/design/sys/core/lc164/vfalu/rtl/aq_falu_top.v
${LCX_HOME}/design/sys/core/lc164/vfalu/rtl/aq_left_shift_64.v
${LCX_HOME}/design/sys/core/lc164/vfalu/rtl/aq_fcnvt_ctrl.v
${LCX_HOME}/design/sys/core/lc164/vfalu/rtl/aq_fcnvt_double.v
${LCX_HOME}/design/sys/core/lc164/vfalu/rtl/aq_fcnvt_dtos_d.v
${LCX_HOME}/design/sys/core/lc164/vfalu/rtl/aq_fcnvt_ftoi_d.v
${LCX_HOME}/design/sys/core/lc164/vfalu/rtl/aq_fcnvt_scalar_dp.v
${LCX_HOME}/design/sys/core/lc164/vfalu/rtl/aq_fcnvt_top.v
${LCX_HOME}/design/sys/core/lc164/vfalu/rtl/aq_fcnvt_xtoh_sh.v
${LCX_HOME}/design/sys/core/lc164/vfalu/rtl/aq_fspu_top.v

${LCX_HOME}/design/sys/core/lc164/vfdsu/rtl/aq_fdsu_denorm_shift.v
${LCX_HOME}/design/sys/core/lc164/vfdsu/rtl/aq_fdsu_double.v
${LCX_HOME}/design/sys/core/lc164/vfdsu/rtl/aq_fdsu_double_dp.v
${LCX_HOME}/design/sys/core/lc164/vfdsu/rtl/aq_fdsu_pack.v
${LCX_HOME}/design/sys/core/lc164/vfdsu/rtl/aq_fdsu_prepare.v
${LCX_HOME}/design/sys/core/lc164/vfdsu/rtl/aq_fdsu_right_shift.v
${LCX_HOME}/design/sys/core/lc164/vfdsu/rtl/aq_fdsu_round.v
${LCX_HOME}/design/sys/core/lc164/vfdsu/rtl/aq_fdsu_scalar_ctrl.v
${LCX_HOME}/design/sys/core/lc164/vfdsu/rtl/aq_fdsu_scalar_dp.v
${LCX_HOME}/design/sys/core/lc164/vfdsu/rtl/aq_fdsu_special.v
${LCX_HOME}/design/sys/core/lc164/vfdsu/rtl/aq_fdsu_srt.v
${LCX_HOME}/design/sys/core/lc164/vfdsu/rtl/aq_fdsu_top.v

${LCX_HOME}/design/sys/core/lc164/pmu/rtl/aq_hpcp_adder_sel.v
${LCX_HOME}/design/sys/core/lc164/pmu/rtl/aq_hpcp_cnt.v
${LCX_HOME}/design/sys/core/lc164/pmu/rtl/aq_hpcp_cntinten_reg.v
${LCX_HOME}/design/sys/core/lc164/pmu/rtl/aq_hpcp_cntof_reg.v
${LCX_HOME}/design/sys/core/lc164/pmu/rtl/aq_hpcp_event.v
${LCX_HOME}/design/sys/core/lc164/pmu/rtl/aq_hpcp_top.v

${LCX_HOME}/design/sys/core/lc164/idu/rtl/aq_idu_expand_32.v
${LCX_HOME}/design/sys/core/lc164/idu/rtl/aq_idu_id_ctrl.v
${LCX_HOME}/design/sys/core/lc164/idu/rtl/aq_idu_id_decd.v
${LCX_HOME}/design/sys/core/lc164/idu/rtl/aq_idu_id_dp.v
${LCX_HOME}/design/sys/core/lc164/idu/rtl/aq_idu_id_gpr.v
${LCX_HOME}/design/sys/core/lc164/idu/rtl/aq_idu_id_gpr_gated_reg.v
${LCX_HOME}/design/sys/core/lc164/idu/rtl/aq_idu_id_split.v
${LCX_HOME}/design/sys/core/lc164/idu/rtl/aq_idu_id_wbt.v
${LCX_HOME}/design/sys/core/lc164/idu/rtl/aq_idu_id_wbt_entry.v
${LCX_HOME}/design/sys/core/lc164/idu/rtl/aq_idu_top.v

${LCX_HOME}/design/sys/core/lc164/ifu/rtl/aq_spsram_2048x32.v
${LCX_HOME}/design/sys/core/lc164/ifu/rtl/aq_spsram_256x59.v
${LCX_HOME}/design/sys/core/lc164/ifu/rtl/aq_spsram_1024x16.v
${LCX_HOME}/design/sys/core/lc164/ifu/rtl/aq_ifu_bht.v
${LCX_HOME}/design/sys/core/lc164/ifu/rtl/aq_ifu_bht_array.v
${LCX_HOME}/design/sys/core/lc164/ifu/rtl/aq_ifu_btb.v
${LCX_HOME}/design/sys/core/lc164/ifu/rtl/aq_ifu_btb_entry.v
${LCX_HOME}/design/sys/core/lc164/ifu/rtl/aq_ifu_ctrl.v
${LCX_HOME}/design/sys/core/lc164/ifu/rtl/aq_ifu_ibuf.v
${LCX_HOME}/design/sys/core/lc164/ifu/rtl/aq_ifu_ibuf_entry.v
${LCX_HOME}/design/sys/core/lc164/ifu/rtl/aq_ifu_ibuf_pop_entry.v
${LCX_HOME}/design/sys/core/lc164/ifu/rtl/aq_ifu_icache.v
${LCX_HOME}/design/sys/core/lc164/ifu/rtl/aq_ifu_icache_data_array.v
${LCX_HOME}/design/sys/core/lc164/ifu/rtl/aq_ifu_icache_tag_array.v
${LCX_HOME}/design/sys/core/lc164/ifu/rtl/aq_ifu_ipack.v
${LCX_HOME}/design/sys/core/lc164/ifu/rtl/aq_ifu_ipack_entry.v
${LCX_HOME}/design/sys/core/lc164/ifu/rtl/aq_ifu_pcgen.v
${LCX_HOME}/design/sys/core/lc164/ifu/rtl/aq_ifu_pre_decd.v
${LCX_HOME}/design/sys/core/lc164/ifu/rtl/aq_ifu_pred.v
${LCX_HOME}/design/sys/core/lc164/ifu/rtl/aq_ifu_ras.v
${LCX_HOME}/design/sys/core/lc164/ifu/rtl/aq_ifu_ras_entry.v
${LCX_HOME}/design/sys/core/lc164/ifu/rtl/aq_ifu_top.v
${LCX_HOME}/design/sys/core/lc164/ifu/rtl/aq_ifu_vec.v

${LCX_HOME}/design/sys/core/lc164/iu/rtl/booth_code.v
${LCX_HOME}/design/sys/core/lc164/iu/rtl/compressor_32.v
${LCX_HOME}/design/sys/core/lc164/iu/rtl/compressor_42.v
${LCX_HOME}/design/sys/core/lc164/iu/rtl/multiplier_65x65_3_stage.v
${LCX_HOME}/design/sys/core/lc164/iu/rtl/aq_iu_addr_gen.v
${LCX_HOME}/design/sys/core/lc164/iu/rtl/aq_iu_alu.v
${LCX_HOME}/design/sys/core/lc164/iu/rtl/aq_iu_bju.v
${LCX_HOME}/design/sys/core/lc164/iu/rtl/aq_iu_div.v
${LCX_HOME}/design/sys/core/lc164/iu/rtl/aq_iu_div_shift2_kernel.v
${LCX_HOME}/design/sys/core/lc164/iu/rtl/aq_iu_mul.v
${LCX_HOME}/design/sys/core/lc164/iu/rtl/aq_iu_top.v

${LCX_HOME}/design/sys/core/lc164/lsu/rtl/aq_spsram_64x58.v
${LCX_HOME}/design/sys/core/lc164/lsu/rtl/aq_dcache_data_array.v
${LCX_HOME}/design/sys/core/lc164/lsu/rtl/aq_dcache_dirty_array.v
${LCX_HOME}/design/sys/core/lc164/lsu/rtl/aq_dcache_tag_array.v
${LCX_HOME}/design/sys/core/lc164/lsu/rtl/aq_dcache_top.v
${LCX_HOME}/design/sys/core/lc164/lsu/rtl/aq_vlsu_data_trans.v
${LCX_HOME}/design/sys/core/lc164/lsu/rtl/aq_vlsu_ld_align_buffer.v
${LCX_HOME}/design/sys/core/lc164/lsu/rtl/aq_vlsu_lsu_if.v
${LCX_HOME}/design/sys/core/lc164/lsu/rtl/aq_vlsu_rot_data.v
${LCX_HOME}/design/sys/core/lc164/lsu/rtl/aq_vlsu_st_align_buffer.v
${LCX_HOME}/design/sys/core/lc164/lsu/rtl/aq_vlsu_top.v
${LCX_HOME}/design/sys/core/lc164/lsu/rtl/aq_vlsu_vtb.v
${LCX_HOME}/design/sys/core/lc164/lsu/rtl/aq_vlsu_vtb_entry.v
${LCX_HOME}/design/sys/core/lc164/lsu/rtl/aq_spsram_1024x64.v
${LCX_HOME}/design/sys/core/lc164/lsu/rtl/aq_spsram_128x8.v
${LCX_HOME}/design/sys/core/lc164/lsu/rtl/aq_prio.v
${LCX_HOME}/design/sys/core/lc164/lsu/rtl/aq_lsu_ag.v
${LCX_HOME}/design/sys/core/lc164/lsu/rtl/aq_lsu_amo_alu.v
${LCX_HOME}/design/sys/core/lc164/lsu/rtl/aq_lsu_amr.v
${LCX_HOME}/design/sys/core/lc164/lsu/rtl/aq_lsu_arb.v
${LCX_HOME}/design/sys/core/lc164/lsu/rtl/aq_lsu_dc.v
${LCX_HOME}/design/sys/core/lc164/lsu/rtl/aq_lsu_dtif.v
${LCX_HOME}/design/sys/core/lc164/lsu/rtl/aq_lsu_icc.v
${LCX_HOME}/design/sys/core/lc164/lsu/rtl/aq_lsu_lfb.v
${LCX_HOME}/design/sys/core/lc164/lsu/rtl/aq_lsu_lfb_entry.v
${LCX_HOME}/design/sys/core/lc164/lsu/rtl/aq_lsu_lm.v
${LCX_HOME}/design/sys/core/lc164/lsu/rtl/aq_lsu_mcic.v
${LCX_HOME}/design/sys/core/lc164/lsu/rtl/aq_lsu_pfb.v
${LCX_HOME}/design/sys/core/lc164/lsu/rtl/aq_lsu_pfb_top.v
${LCX_HOME}/design/sys/core/lc164/lsu/rtl/aq_lsu_rdl.v
${LCX_HOME}/design/sys/core/lc164/lsu/rtl/aq_lsu_stb.v
${LCX_HOME}/design/sys/core/lc164/lsu/rtl/aq_lsu_stb_entry.v
${LCX_HOME}/design/sys/core/lc164/lsu/rtl/aq_lsu_vb.v
${LCX_HOME}/design/sys/core/lc164/lsu/rtl/aq_lsu_top.v

${LCX_HOME}/design/sys/core/lc164/mmu/rtl/aq_spsram_64x88.v
${LCX_HOME}/design/sys/core/lc164/mmu/rtl/aq_spsram_64x98.v
${LCX_HOME}/design/sys/core/lc164/mmu/rtl/aq_mmu_arb.v
${LCX_HOME}/design/sys/core/lc164/mmu/rtl/aq_mmu_jtlb.v
${LCX_HOME}/design/sys/core/lc164/mmu/rtl/aq_mmu_jtlb_data_array.v
${LCX_HOME}/design/sys/core/lc164/mmu/rtl/aq_mmu_jtlb_tag_array.v
${LCX_HOME}/design/sys/core/lc164/mmu/rtl/aq_mmu_plru.v
${LCX_HOME}/design/sys/core/lc164/mmu/rtl/aq_mmu_ptw.v
${LCX_HOME}/design/sys/core/lc164/mmu/rtl/aq_mmu_regs.v
${LCX_HOME}/design/sys/core/lc164/mmu/rtl/aq_mmu_sysmap.v
${LCX_HOME}/design/sys/core/lc164/mmu/rtl/aq_mmu_sysmap_hit.v
${LCX_HOME}/design/sys/core/lc164/mmu/rtl/aq_mmu_tlboper.v
${LCX_HOME}/design/sys/core/lc164/mmu/rtl/aq_mmu_top.v
${LCX_HOME}/design/sys/core/lc164/mmu/rtl/aq_mmu_utlb.v
${LCX_HOME}/design/sys/core/lc164/mmu/rtl/aq_mmu_utlb_entry.v
${LCX_HOME}/design/sys/core/lc164/mmu/rtl/aq_mmu_utlb_top.v

${LCX_HOME}/design/sys/core/lc164/clk/rtl/aq_mp_clk_top.v
${LCX_HOME}/design/sys/core/lc164/clk/rtl/gated_clk_cell.v
${LCX_HOME}/design/sys/core/lc164/rst/rtl/aq_mp_rst_top.v

${LCX_HOME}/design/sys/core/lc164/pmp/rtl/aq_pmp_acc.v
${LCX_HOME}/design/sys/core/lc164/pmp/rtl/aq_pmp_comp_hit.v
${LCX_HOME}/design/sys/core/lc164/pmp/rtl/aq_pmp_regs.v
${LCX_HOME}/design/sys/core/lc164/pmp/rtl/aq_pmp_top.v

${LCX_HOME}/design/sys/core/lc164/rtu/rtl/aq_rtu_ctrl.v
${LCX_HOME}/design/sys/core/lc164/rtu/rtl/aq_rtu_dp.v
${LCX_HOME}/design/sys/core/lc164/rtu/rtl/aq_rtu_int.v
${LCX_HOME}/design/sys/core/lc164/rtu/rtl/aq_rtu_rbus.v
${LCX_HOME}/design/sys/core/lc164/rtu/rtl/aq_rtu_retire.v
${LCX_HOME}/design/sys/core/lc164/rtu/rtl/aq_rtu_top.v
${LCX_HOME}/design/sys/core/lc164/rtu/rtl/aq_rtu_wb.v

${LCX_HOME}/design/sys/core/lc164/vfmau/rtl/aq_vfmau_ctrl.v
${LCX_HOME}/design/sys/core/lc164/vfmau/rtl/aq_vfmau_dp.v
${LCX_HOME}/design/sys/core/lc164/vfmau/rtl/booth_code_54_bit.v
${LCX_HOME}/design/sys/core/lc164/vfmau/rtl/aq_vfmau_frac_mult.v
${LCX_HOME}/design/sys/core/lc164/vfmau/rtl/aq_vfmau_frac_shift_double.v
${LCX_HOME}/design/sys/core/lc164/vfmau/rtl/aq_vfmau_lza_double.v
${LCX_HOME}/design/sys/core/lc164/vfmau/rtl/aq_vfmau_mult.v
${LCX_HOME}/design/sys/core/lc164/vfmau/rtl/aq_vfmau_mult_double.v
${LCX_HOME}/design/sys/core/lc164/vfmau/rtl/aq_vfmau_multiplier_53x27_partial.v
${LCX_HOME}/design/sys/core/lc164/vfmau/rtl/aq_vfmau_special_judge_double.v
${LCX_HOME}/design/sys/core/lc164/vfmau/rtl/aq_vfmau_top.v
${LCX_HOME}/design/sys/core/lc164/vdiv/rtl/aq_vdsp_8_bit_ff1.v
${LCX_HOME}/design/sys/core/lc164/vidu/rtl/aq_vidu_vid_ctrl_fp.v
${LCX_HOME}/design/sys/core/lc164/vidu/rtl/aq_vidu_vid_dp_fp.v
${LCX_HOME}/design/sys/core/lc164/vidu/rtl/aq_vidu_vid_gpr_fp.v
${LCX_HOME}/design/sys/core/lc164/vidu/rtl/aq_vidu_vid_gpr_reg_fp.v
${LCX_HOME}/design/sys/core/lc164/vidu/rtl/aq_vidu_vid_split_fp.v
${LCX_HOME}/design/sys/core/lc164/vidu/rtl/aq_vidu_vid_wbt.v
${LCX_HOME}/design/sys/core/lc164/vidu/rtl/aq_vidu_vid_wbt_entry.v
${LCX_HOME}/design/sys/core/lc164/vidu/rtl/aq_vidu_top.v
${LCX_HOME}/design/sys/core/lc164/vdsp/rtl/aq_vpu_fwd_wb_rbus.v
${LCX_HOME}/design/sys/core/lc164/vdsp/rtl/aq_vpu_group_unit.v
${LCX_HOME}/design/sys/core/lc164/vdsp/rtl/aq_vpu_srcv_type.v
${LCX_HOME}/design/sys/core/lc164/vdsp/rtl/aq_vpu_top.v
${LCX_HOME}/design/sys/core/lc164/vdsp/rtl/aq_vpu_viq_dp.v

${LCX_HOME}/design/sys/core/lc164/cpu/rtl/aq_cpuio_top.v
${LCX_HOME}/design/sys/core/lc164/cpu/rtl/aq_sysio_kid.v
${LCX_HOME}/design/sys/core/lc164/cpu/rtl/aq_sysio_top.v
${LCX_HOME}/design/sys/core/lc164/cpu/rtl/aq_core.v
${LCX_HOME}/design/sys/core/lc164/cpu/rtl/aq_top.v
${LCX_HOME}/design/sys/core/lc164/cpu/rtl/openSwift.v
