${LCX_HOME}/design/sys/llc/rtl/llc_config.h
${LCX_HOME}/design/sys/llc/rtl/ct_spsram_512x144.v
${LCX_HOME}/design/sys/llc/rtl/ct_spsram_128x104.v
${LCX_HOME}/design/sys/llc/rtl/ct_spsram_1024x128.v
${LCX_HOME}/design/sys/llc/rtl/ct_spsram_512x96.v
${LCX_HOME}/design/sys/llc/rtl/ct_spsram_65536x128.v
${LCX_HOME}/design/sys/llc/rtl/ct_spsram_8192x128.v
${LCX_HOME}/design/sys/llc/rtl/ct_spsram_128x144.v
${LCX_HOME}/design/sys/llc/rtl/ct_spsram_256x144.v
${LCX_HOME}/design/sys/llc/rtl/ct_spsram_256x100.v
${LCX_HOME}/design/sys/llc/rtl/ct_spsram_16384x128.v
${LCX_HOME}/design/sys/llc/rtl/ct_spsram_32768x128.v
${LCX_HOME}/design/sys/llc/rtl/ct_spsram_1024x92.v
${LCX_HOME}/design/sys/llc/rtl/ct_spsram_4096x144.v
${LCX_HOME}/design/sys/llc/rtl/ct_spsram_2048x88.v
${LCX_HOME}/design/sys/llc/rtl/ct_spsram_2048x128.v
${LCX_HOME}/design/sys/llc/rtl/ct_spsram_4096x128.v
${LCX_HOME}/design/sys/llc/rtl/ct_spsram_1024x144.v
${LCX_HOME}/design/sys/llc/rtl/ct_spsram_64x108.v
${LCX_HOME}/design/sys/llc/rtl/ct_spsram_2048x144.v
${LCX_HOME}/design/sys/llc/rtl/ct_spsram_4096x84.v
${LCX_HOME}/design/sys/llc/rtl/ct_l2c_icc.v
${LCX_HOME}/design/sys/llc/rtl/ct_l2cache_dirty_array_16way.v
${LCX_HOME}/design/sys/llc/rtl/ct_l2c_data.v
${LCX_HOME}/design/sys/llc/rtl/ct_l2c_prefetch.v
${LCX_HOME}/design/sys/llc/rtl/ct_l2c_cmp.v
${LCX_HOME}/design/sys/llc/rtl/ct_l2cache_data_array.v
${LCX_HOME}/design/sys/llc/rtl/ct_l2cache_tag_array_16way.v
${LCX_HOME}/design/sys/llc/rtl/ct_l2c_top.v
${LCX_HOME}/design/sys/llc/rtl/ct_l2c_tag.v
${LCX_HOME}/design/sys/llc/rtl/ct_l2c_tag_ecc.v
${LCX_HOME}/design/sys/llc/rtl/ct_l2c_wb.v
${LCX_HOME}/design/sys/llc/rtl/ct_l2c_sub_bank.v
${LCX_HOME}/design/sys/llc/rtl/ct_l2cache_top.v
