${LCX_HOME}/design/common/logical/common/wid_entry.v
${LCX_HOME}/design/common/logical/common/wid_for_axi4.v

# big core
${LCX_HOME}/design/common/fpga/rtl/ct_f_spsram_256x59.v
${LCX_HOME}/design/common/fpga/rtl/ct_f_spsram_1024x32.v
${LCX_HOME}/design/common/fpga/rtl/ct_f_spsram_2048x59.v
${LCX_HOME}/design/common/fpga/rtl/ct_f_spsram_4096x128.v
${LCX_HOME}/design/common/fpga/rtl/ct_f_spsram_4096x144.v
${LCX_HOME}/design/common/fpga/rtl/ct_f_spsram_2048x128.v
${LCX_HOME}/design/common/fpga/rtl/ct_f_spsram_32768x128.v
${LCX_HOME}/design/common/fpga/rtl/ct_f_spsram_1024x144.v
${LCX_HOME}/design/common/fpga/rtl/ct_f_spsram_8192x32.v
${LCX_HOME}/design/common/fpga/rtl/ct_f_spsram_128x144.v
${LCX_HOME}/design/common/fpga/rtl/ct_f_spsram_128x104.v
${LCX_HOME}/design/common/fpga/rtl/ct_f_spsram_64x108.v
${LCX_HOME}/design/common/fpga/rtl/ct_f_spsram_1024x128.v
${LCX_HOME}/design/common/fpga/rtl/ct_f_spsram_256x23.v
${LCX_HOME}/design/common/fpga/rtl/ct_f_spsram_512x144.v
${LCX_HOME}/design/common/fpga/rtl/ct_f_spsram_512x96.v
${LCX_HOME}/design/common/fpga/rtl/ct_f_spsram_1024x92.v
${LCX_HOME}/design/common/fpga/rtl/ct_f_spsram_256x100.v
${LCX_HOME}/design/common/fpga/rtl/ct_f_spsram_256x7.v
${LCX_HOME}/design/common/fpga/rtl/ct_f_spsram_256x54.v
${LCX_HOME}/design/common/fpga/rtl/ct_f_spsram_512x22.v
${LCX_HOME}/design/common/fpga/rtl/ct_f_spsram_2048x32.v
${LCX_HOME}/design/common/fpga/rtl/ct_f_spsram_65536x128.v
${LCX_HOME}/design/common/fpga/rtl/ct_f_spsram_1024x59.v
${LCX_HOME}/design/common/fpga/rtl/ct_f_spsram_128x16.v
${LCX_HOME}/design/common/fpga/rtl/ct_f_spsram_2048x144.v
${LCX_HOME}/design/common/fpga/rtl/ct_f_spsram_512x59.v
${LCX_HOME}/design/common/fpga/rtl/ct_f_spsram_512x54.v
${LCX_HOME}/design/common/fpga/rtl/ct_f_spsram_256x144.v
${LCX_HOME}/design/common/fpga/rtl/ct_f_spsram_2048x88.v
${LCX_HOME}/design/common/fpga/rtl/ct_f_spsram_512x7.v
${LCX_HOME}/design/common/fpga/rtl/ct_f_spsram_256x52.v
${LCX_HOME}/design/common/fpga/rtl/ct_f_spsram_512x44.v
${LCX_HOME}/design/common/fpga/rtl/ct_f_spsram_1024x64.v
${LCX_HOME}/design/common/fpga/rtl/ct_f_spsram_8192x128.v
${LCX_HOME}/design/common/fpga/rtl/ct_f_spsram_16384x128.v
${LCX_HOME}/design/common/fpga/rtl/ct_f_spsram_256x84.v
${LCX_HOME}/design/common/fpga/rtl/ct_f_spsram_4096x84.v
${LCX_HOME}/design/common/fpga/rtl/ct_f_spsram_256x196.v
${LCX_HOME}/design/common/fpga/rtl/ct_f_spsram_512x52.v
${LCX_HOME}/design/common/fpga/rtl/ct_f_spsram_4096x32.v

# little core
${LCX_HOME}/design/common/fpga/rtl/aq_f_spsram_1024x16.v
${LCX_HOME}/design/common/fpga/rtl/aq_f_spsram_1024x64.v
${LCX_HOME}/design/common/fpga/rtl/aq_f_spsram_128x8.v
${LCX_HOME}/design/common/fpga/rtl/aq_f_spsram_2048x32.v
${LCX_HOME}/design/common/fpga/rtl/aq_f_spsram_256x59.v
${LCX_HOME}/design/common/fpga/rtl/aq_f_spsram_64x58.v
${LCX_HOME}/design/common/fpga/rtl/aq_f_spsram_64x88.v
${LCX_HOME}/design/common/fpga/rtl/aq_f_spsram_64x98.v

# ram instance
${LCX_HOME}/design/common/fpga/rtl/fpga_ram.v
